--git help command
https://www.youtube.com/watch?v=J_Clau1bYco

> /f/workdata/myprojects
$ ls
t1/  t1.txt

> /f/workdata/myprojects
$ git config --global user.name "****"

> /f/workdata/myprojects
$ git config --global user.email "****@***.**"

> /f/workdata/myprojects
$ git config --global user.email ****@**.**

> /f/workdata/myprojects
$ git clone (URL)
Cloning into 'projects'...
remote: Counting objects: 3, done.
remote: Total 3 (delta 0), reused 0 (delta 0), pack-reused 0
Unpacking objects: 100% (3/3), done.

> /f/workdata/myprojects
$ ls
projects/

> /f/workdata/myprojects
$ cd projects/

> /f/workdata/myprojects/projects (master)
$ ls
README.md

> /f/workdata/myprojects/projects (master)
$ ls
README.md  test1.txt

> /f/workdata/myprojects/projects (master)
$ git add .

> /f/workdata/myprojects/projects (master)
$ git status
On branch master
Your branch is up-to-date with 'origin/master'.
Changes to be committed:
  (use "git reset HEAD <file>..." to unstage)

        new file:   test1.txt


> /f/workdata/myprojects/projects (master)
$ git commit -m "First commit"
[master 96bb72a] First commit
 1 file changed, 2 insertions(+)
 create mode 100644 test1.txt

> /f/workdata/myprojects/projects (master)
$ git push -u origin master
Username for 'https://github.com': ****
Counting objects: 3, done.
Delta compression using up to 2 threads.
Compressing objects: 100% (3/3), done.
Writing objects: 100% (3/3), 327 bytes | 0 bytes/s, done.
Total 3 (delta 0), reused 0 (delta 0)
To ******
   b41a329..96bb72a  master -> master
Branch master set up to track remote branch master from origin.

> /f/workdata/myprojects/projects (master)
$ git status
On branch master
Your branch is up-to-date with 'origin/master'.
Changes not staged for commit:
  (use "git add <file>..." to update what will be committed)
  (use "git checkout -- <file>..." to discard changes in working directory)

        modified:   test1.txt

no changes added to commit (use "git add" and/or "git commit -a")

> /f/workdata/myprojects/projects (master)
$ git commit -m "Second commit"
On branch master
Your branch is up-to-date with 'origin/master'.
Changes not staged for commit:
        modified:   test1.txt

no changes added to commit

> /f/workdata/myprojects/projects (master)
$ git push -u origin master
Username for 'https://github.com': ***
Everything up-to-date
Branch master set up to track remote branch master from origin.

> /f/workdata/myprojects/projects (master)
$ git sta
stage    stash    status

> /f/workdata/myprojects/projects (master)
$ git status
On branch master
Your branch is up-to-date with 'origin/master'.
Changes not staged for commit:
  (use "git add <file>..." to update what will be committed)
  (use "git checkout -- <file>..." to discard changes in working directory)

        modified:   test1.txt

no changes added to commit (use "git add" and/or "git commit -a")

> /f/workdata/myprojects/projects (master)
$ git add .

> /f/workdata/myprojects/projects (master)
$ git commit -m "Second commit"
[master 2098562] Second commit
 1 file changed, 1 insertion(+), 1 deletion(-)

> /f/workdata/myprojects/projects (master)
$ git push -u origin master
Username for 'https://github.com': ****
Counting objects: 3, done.
Delta compression using up to 2 threads.
Compressing objects: 100% (3/3), done.
Writing objects: 100% (3/3), 332 bytes | 0 bytes/s, done.
Total 3 (delta 0), reused 0 (delta 0)
To ****
   96bb72a..2098562  master -> master
Branch master set up to track remote branch master from origin.

> /f/workdata/myprojects/projects (master)
$
